$ /opt/homebrew/opt/python@3.11/bin/python3.11 '/Users/mac/Documents/MCTS_VLA/Latent Lanmarks/scripts/run_e1a.py' --env FetchPickAndPlace --load '/Users/mac/Documents/MCTS_VLA/Latent Lanmarks/checkpoint/l3p_fetch.pt' --seeds 0 1 --episodes 30 --calibrate-episodes 20 --out logs/fetch_pick_and_place_after_review/report/fetch_pick_and_place/e1a_results.json --plot logs/fetch_pick_and_place_after_review/report/fetch_pick_and_place/e1a_curve.png --sanity-tol 0.2 --sigmas 0 0.1 0.3 0.5 --mcts-n-simulations 200

AdroitHandRelocateDense-v1, AdroitHandHammerDense-v1, AdroitHandDoorDense-v1 environment's reward functions were updated in v1.2.1 without an environment version update. Therefore, use gymnasium-robotics==1.2.0 for v1 reproducibility or use v2 in gymnasium-robotics>=1.4.3. See https://github.com/Farama-Foundation/Gymnasium-Robotics/pull/220 for more details
E1a on FetchPickAndPlace. Caveat (spec risk R2): short/easy envs can have thin planning headroom; MuJoCo envs require gymnasium-robotics/mujoco.
d_max calibration (noise-free Soft Floyd, spec R3):
    d_max=  0.000 -> floyd success 0.00
    d_max=  0.000 -> floyd success 0.00
    d_max=  0.000 -> floyd success 0.00
    d_max=  0.000 -> floyd success 0.00
    d_max=  0.000 -> floyd success 0.00
    d_max=  0.009 -> floyd success 0.40
    d_max=  0.342 -> floyd success 0.50   <- chosen
    d_max= 15.000 -> floyd success 0.50
Config: d_max=0.342  mcts_n_simulations=200  mcts_rollout_horizon=10  seeds=[0, 1]  episodes/seed=30
sigma=0.00  Soft Floyd=0.42 [0.28,0.55]  Naive re-plan=0.40 [0.28,0.52]  MCTS=0.42 [0.30,0.55]
  >> sigma=0 sanity check passed (|mcts-floyd|=0.00 <= 0.20)
sigma=0.10  Soft Floyd=0.42 [0.28,0.55]  Naive re-plan=0.40 [0.28,0.52]  MCTS=0.42 [0.30,0.55]
sigma=0.30  Soft Floyd=0.42 [0.28,0.55]  Naive re-plan=0.40 [0.28,0.52]  MCTS=0.43 [0.32,0.57]
sigma=0.50  Soft Floyd=0.42 [0.28,0.55]  Naive re-plan=0.40 [0.28,0.52]  MCTS=0.43 [0.32,0.57]
Matplotlib is building the font cache; this may take a moment.

MCTS latency: 2.40 s/episode (budget 200 sims).
Saved results to logs/fetch_pick_and_place_after_review/report/fetch_pick_and_place/e1a_results.json
Saved plot to logs/fetch_pick_and_place_after_review/report/fetch_pick_and_place/e1a_curve.png
