$ /opt/homebrew/opt/python@3.11/bin/python3.11 '/Users/mac/Documents/MCTS_VLA/Latent Lanmarks/scripts/run_e1a.py' --env PointMazeMuJoCo --load '/Users/mac/Documents/MCTS_VLA/Latent Lanmarks/checkpoint/l3p_pointmaze_mujoco.pt' --seeds 0 1 --episodes 30 --calibrate-episodes 20 --out logs/pointmaze_mujoco_e1a_e1b_report/pointmaze_mujoco/e1a_results.json --plot logs/pointmaze_mujoco_e1a_e1b_report/pointmaze_mujoco/e1a_curve.png --sanity-tol 0.2 --sigmas 0 0.1 0.3 0.5 --mcts-n-simulations 200

AdroitHandRelocateDense-v1, AdroitHandHammerDense-v1, AdroitHandDoorDense-v1 environment's reward functions were updated in v1.2.1 without an environment version update. Therefore, use gymnasium-robotics==1.2.0 for v1 reproducibility or use v2 in gymnasium-robotics>=1.4.3. See https://github.com/Farama-Foundation/Gymnasium-Robotics/pull/220 for more details
E1a on PointMazeMuJoCo. Caveat (spec risk R2): short/easy envs can have thin planning headroom; MuJoCo envs require gymnasium-robotics/mujoco.
d_max calibration (noise-free Soft Floyd, spec R3):
    d_max=  4.213 -> floyd success 0.10   <- chosen
    d_max=  8.368 -> floyd success 0.10
    d_max= 12.491 -> floyd success 0.10
    d_max= 15.272 -> floyd success 0.10
    d_max= 18.649 -> floyd success 0.10
    d_max= 21.436 -> floyd success 0.10
    d_max= 23.971 -> floyd success 0.10
Config: d_max=4.213  mcts_n_simulations=200  mcts_rollout_horizon=10  seeds=[0, 1]  episodes/seed=30
sigma=0.00  Soft Floyd=0.15 [0.07,0.25]  Naive re-plan=0.08 [0.02,0.15]  MCTS=0.10 [0.03,0.18]
  >> sigma=0 sanity check passed (|mcts-floyd|=0.05 <= 0.20)
sigma=0.10  Soft Floyd=0.13 [0.05,0.23]  Naive re-plan=0.07 [0.02,0.13]  MCTS=0.07 [0.02,0.13]
sigma=0.30  Soft Floyd=0.13 [0.05,0.23]  Naive re-plan=0.07 [0.02,0.13]  MCTS=0.13 [0.05,0.22]
sigma=0.50  Soft Floyd=0.12 [0.05,0.20]  Naive re-plan=0.08 [0.02,0.15]  MCTS=0.10 [0.03,0.18]

Fontconfig error: No writable cache directories
	/opt/homebrew/var/cache/fontconfig
	/Users/mac/.cache/fontconfig
	/Users/mac/.fontconfig
Matplotlib is building the font cache; this may take a moment.

MCTS latency: 11.66 s/episode (budget 200 sims).
Saved results to logs/pointmaze_mujoco_e1a_e1b_report/pointmaze_mujoco/e1a_results.json
Saved plot to logs/pointmaze_mujoco_e1a_e1b_report/pointmaze_mujoco/e1a_curve.png
